******************************************************************************
                  TI ARM Linker PC v20.2.5                     
******************************************************************************
>> Linked Tue Nov 22 12:55:11 2022

OUTPUT FILE NAME:   <part1_group8.out>
ENTRY POINT SYMBOL: "_c_int00_noargs"  address: 000010e9


MEMORY CONFIGURATION

         name            origin    length      used     unused   attr    fill
----------------------  --------  ---------  --------  --------  ----  --------
  MAIN                  00000000   00040000  000011b8  0003ee48  R  X
  INFO                  00200000   00004000  00000000  00004000  R  X
  SRAM_CODE             01000000   00010000  0000021e  0000fde2  RW X
  SRAM_DATA             20000000   00010000  0000021e  0000fde2  RW  


SEGMENT ALLOCATION MAP

run origin  load origin   length   init length attrs members
----------  ----------- ---------- ----------- ----- -------
00000000    00000000    000011b8   000011b8    r-x
  00000000    00000000    000000e4   000000e4    r-- .intvecs
  000000e4    000000e4    0000109c   0000109c    r-x .text
  00001180    00001180    00000038   00000038    r-- .cinit
20000000    20000000    0000001e   00000000    rw-
  20000000    20000000    0000001c   00000000    rw- .data
  2000001c    2000001c    00000002   00000000    rw- .bss
2000fe00    2000fe00    00000200   00000000    rw-
  2000fe00    2000fe00    00000200   00000000    rw- .stack


SECTION ALLOCATION MAP

 output                                  attributes/
section   page    origin      length       input sections
--------  ----  ----------  ----------   ----------------
.intvecs   0    00000000    000000e4     
                  00000000    000000e4     startup_msp432p401r_ccs.obj (.intvecs:retain)

.text      0    000000e4    0000109c     
                  000000e4    000006d8     Part1_Interrupt_bumsw_motor.obj (.text)
                  000007bc    00000334     system_msp432p401r.obj (.text)
                  00000af0    0000023c     motor.obj (.text)
                  00000d2c    000001e0     Clock.obj (.text)
                  00000f0c    0000009c     rtsv7M4_T_le_v4SPD16_eabi.lib : memcpy_t2.asm.obj (.text)
                  00000fa8    00000094     SysTick.obj (.text)
                  0000103c    00000068     rtsv7M4_T_le_v4SPD16_eabi.lib : copy_decompress_lzss.c.obj (.text:decompress:lzss:__TI_decompress_lzss)
                  000010a4    00000044                                   : autoinit.c.obj (.text:__TI_auto_init_nobinit_nopinit:__TI_auto_init_nobinit_nopinit)
                  000010e8    00000034                                   : boot_cortex_m.c.obj (.text:_c_int00_noargs:_c_int00_noargs)
                  0000111c    00000024     CortexM.obj (.text)
                  00001140    0000001c     rtsv7M4_T_le_v4SPD16_eabi.lib : copy_zero_init.c.obj (.text:decompress:ZI:__TI_zero_init_nomemset:__TI_zero_init_nomemset)
                  0000115c    0000000e                                   : copy_decompress_none.c.obj (.text:decompress:none:__TI_decompress_none)
                  0000116a    0000000e     startup_msp432p401r_ccs.obj (.text)
                  00001178    00000004     rtsv7M4_T_le_v4SPD16_eabi.lib : pre_init.c.obj (.text:_system_pre_init)
                  0000117c    00000004                                   : exit.c.obj (.text:abort:abort)

.cinit     0    00001180    00000038     
                  00001180    0000000d     (.cinit..data.load) [load image, compression = lzss]
                  0000118d    00000003     --HOLE-- [fill = 0]
                  00001190    0000000c     (__TI_handler_table)
                  0000119c    00000004     --HOLE-- [fill = 0]
                  000011a0    00000008     (.cinit..bss.load) [load image, compression = zero_init]
                  000011a8    00000010     (__TI_cinit_table)

.init_array 
*          0    00000000    00000000     UNINITIALIZED

.binit     0    00000000    00000000     

.data      0    20000000    0000001c     UNINITIALIZED
                  20000000    00000018     Clock.obj (.data)
                  20000018    00000004     system_msp432p401r.obj (.data)

.bss       0    2000001c    00000002     UNINITIALIZED
                  2000001c    00000001     (.common:ifInterrupt)
                  2000001d    00000001     (.common:switchFlag)

.stack     0    2000fe00    00000200     UNINITIALIZED
                  2000fe00    00000004     rtsv7M4_T_le_v4SPD16_eabi.lib : boot_cortex_m.c.obj (.stack)
                  2000fe04    000001fc     --HOLE--

__llvm_prf_cnts 
*          0    20000000    00000000     UNINITIALIZED

MODULE SUMMARY

       Module                            code   ro data   rw data
       ------                            ----   -------   -------
    .\
       Part1_Interrupt_bumsw_motor.obj   1752   0         4      
       system_msp432p401r.obj            820    0         8      
       startup_msp432p401r_ccs.obj       14     228       0      
    +--+---------------------------------+------+---------+---------+
       Total:                            2586   228       12     
                                                                 
    .\inc\
       motor.obj                         572    0         0      
       Clock.obj                         480    0         48     
       SysTick.obj                       148    0         0      
       CortexM.obj                       36     0         0      
    +--+---------------------------------+------+---------+---------+
       Total:                            1236   0         48     
                                                                 
    C:\TI\ccs\tools\compiler\ti-cgt-arm_20.2.5.LTS\lib\rtsv7M4_T_le_v4SPD16_eabi.lib
       memcpy_t2.asm.obj                 156    0         0      
       copy_decompress_lzss.c.obj        104    0         0      
       autoinit.c.obj                    68     0         0      
       boot_cortex_m.c.obj               52     0         0      
       copy_zero_init.c.obj              28     0         0      
       copy_decompress_none.c.obj        14     0         0      
       exit.c.obj                        4      0         0      
       pre_init.c.obj                    4      0         0      
    +--+---------------------------------+------+---------+---------+
       Total:                            430    0         0      
                                                                 
       Stack:                            0      0         1024   
       Linker Generated:                 0      49        0      
    +--+---------------------------------+------+---------+---------+
       Grand Total:                      4252   277       1084   


LINKER GENERATED COPY TABLES

__TI_cinit_table @ 000011a8 records: 2, size/record: 8, table size: 16
	.data: load addr=00001180, load size=0000000d bytes, run addr=20000000, run size=0000001c bytes, compression=lzss
	.bss: load addr=000011a0, load size=00000008 bytes, run addr=2000001c, run size=00000002 bytes, compression=zero_init


LINKER GENERATED HANDLER TABLE

__TI_handler_table @ 00001190 records: 3, size/record: 4, table size: 12
	index: 0, handler: __TI_decompress_lzss
	index: 1, handler: __TI_decompress_none
	index: 2, handler: __TI_zero_init


GLOBAL SYMBOLS: SORTED ALPHABETICALLY BY Name 

address   name                          
-------   ----                          
00001177  ADC14_IRQHandler              
00001177  AES256_IRQHandler             
000000e5  BumpEdgeTrigger_Init          
00000383  Bump_Read_Input               
00001177  BusFault_Handler              
0000117d  C$$EXIT                       
00001177  COMP_E0_IRQHandler            
00001177  COMP_E1_IRQHandler            
20000008  CPMwait                       
00001177  CS_IRQHandler                 
20000000  ClockFrequency                
00000e81  Clock_Delay1ms                
00000e57  Clock_Delay1us                
00000e43  Clock_GetFreq                 
00000d2d  Clock_Init48MHz               
20000014  Crystalstable                 
00001177  DMA_ERR_IRQHandler            
00001177  DMA_INT0_IRQHandler           
00001177  DMA_INT1_IRQHandler           
00001177  DMA_INT2_IRQHandler           
00001177  DMA_INT3_IRQHandler           
00001177  DebugMon_Handler              
00001177  Default_Handler               
0000111d  DisableInterrupts             
00001177  EUSCIA0_IRQHandler            
00001177  EUSCIA1_IRQHandler            
00001177  EUSCIA2_IRQHandler            
00001177  EUSCIA3_IRQHandler            
00001177  EUSCIB0_IRQHandler            
00001177  EUSCIB1_IRQHandler            
00001177  EUSCIB2_IRQHandler            
00001177  EUSCIB3_IRQHandler            
00001123  EnableInterrupts              
00001133  EndCritical                   
00001177  FLCTL_IRQHandler              
00001177  FPU_IRQHandler                
00001177  HardFault_Handler             
20000010  IFlags                        
00001177  MemManage_Handler             
00000ba9  Motor_BackwardSimple          
00000b37  Motor_ForwardSimple           
00000af1  Motor_InitSimple              
00000c1b  Motor_LeftSimple              
00000c97  Motor_RightSimple             
00000b17  Motor_StopSimple              
00001177  NMI_Handler                   
00001177  PCM_IRQHandler                
00001177  PORT1_IRQHandler              
00001177  PORT2_IRQHandler              
00001177  PORT3_IRQHandler              
0000014d  PORT4_IRQHandler              
0000014d  PORT4_IRQHandler              
00001177  PORT5_IRQHandler              
00001177  PORT6_IRQHandler              
00001177  PSS_IRQHandler                
00001177  PendSV_Handler                
00000505  Port1_Init                    
00000525  Port2_Init                    
00000563  Port2_Output                  
2000000c  Postwait                      
20000004  Prewait                       
00001177  RTC_C_IRQHandler              
0000116b  Reset_Handler                 
00001177  SVC_Handler                   
00001129  StartCritical                 
00000581  Switch_Init                   
00001177  SysTick_Handler               
00000fa9  SysTick_Init                  
00000fb9  SysTick_Wait                  
00000fdf  SysTick_Wait10ms              
00001005  SysTick_Wait1us               
20000018  SystemCoreClock               
000007bd  SystemCoreClockUpdate         
00000a35  SystemInit                    
00001177  T32_INT1_IRQHandler           
00001177  T32_INT2_IRQHandler           
00001177  T32_INTC_IRQHandler           
00001177  TA0_0_IRQHandler              
00001177  TA0_N_IRQHandler              
00001177  TA1_0_IRQHandler              
00001177  TA1_N_IRQHandler              
00001177  TA2_0_IRQHandler              
00001177  TA2_N_IRQHandler              
00001177  TA3_0_IRQHandler              
00001177  TA3_N_IRQHandler              
00001177  UsageFault_Handler            
4000480c  WDTCTL_SYM                    
00001177  WDT_A_IRQHandler              
0000113b  WaitForInterrupt              
20010000  __STACK_END                   
00000200  __STACK_SIZE                  
000011a8  __TI_CINIT_Base               
000011b8  __TI_CINIT_Limit              
00001190  __TI_Handler_Table_Base       
0000119c  __TI_Handler_Table_Limit      
000010a5  __TI_auto_init_nobinit_nopinit
0000103d  __TI_decompress_lzss          
0000115d  __TI_decompress_none          
ffffffff  __TI_pprof_out_hndl           
ffffffff  __TI_prof_data_size           
ffffffff  __TI_prof_data_start          
00000000  __TI_static_base__            
00001141  __TI_zero_init_nomemset       
00000f0d  __aeabi_memcpy                
00000f0d  __aeabi_memcpy4               
00000f0d  __aeabi_memcpy8               
ffffffff  __binit__                     
ffffffff  __c_args__                    
UNDEFED   __mpu_init                    
2000fe00  __stack                       
20000000  __start___llvm_prf_cnts       
20000000  __stop___llvm_prf_cnts        
000010e9  _c_int00_noargs               
UNDEFED   _system_post_cinit            
00001179  _system_pre_init              
0000117d  abort                         
ffffffff  binit                         
000003bd  checkbumpswitch               
00000e49  delay                         
2000001c  ifInterrupt                   
00000000  interruptVectors              
000005b9  main                          
00000f0d  memcpy                        
2000001d  switchFlag                    


GLOBAL SYMBOLS: SORTED BY Symbol Address 

address   name                          
-------   ----                          
00000000  __TI_static_base__            
00000000  interruptVectors              
000000e5  BumpEdgeTrigger_Init          
0000014d  PORT4_IRQHandler              
0000014d  PORT4_IRQHandler              
00000200  __STACK_SIZE                  
00000383  Bump_Read_Input               
000003bd  checkbumpswitch               
00000505  Port1_Init                    
00000525  Port2_Init                    
00000563  Port2_Output                  
00000581  Switch_Init                   
000005b9  main                          
000007bd  SystemCoreClockUpdate         
00000a35  SystemInit                    
00000af1  Motor_InitSimple              
00000b17  Motor_StopSimple              
00000b37  Motor_ForwardSimple           
00000ba9  Motor_BackwardSimple          
00000c1b  Motor_LeftSimple              
00000c97  Motor_RightSimple             
00000d2d  Clock_Init48MHz               
00000e43  Clock_GetFreq                 
00000e49  delay                         
00000e57  Clock_Delay1us                
00000e81  Clock_Delay1ms                
00000f0d  __aeabi_memcpy                
00000f0d  __aeabi_memcpy4               
00000f0d  __aeabi_memcpy8               
00000f0d  memcpy                        
00000fa9  SysTick_Init                  
00000fb9  SysTick_Wait                  
00000fdf  SysTick_Wait10ms              
00001005  SysTick_Wait1us               
0000103d  __TI_decompress_lzss          
000010a5  __TI_auto_init_nobinit_nopinit
000010e9  _c_int00_noargs               
0000111d  DisableInterrupts             
00001123  EnableInterrupts              
00001129  StartCritical                 
00001133  EndCritical                   
0000113b  WaitForInterrupt              
00001141  __TI_zero_init_nomemset       
0000115d  __TI_decompress_none          
0000116b  Reset_Handler                 
00001177  ADC14_IRQHandler              
00001177  AES256_IRQHandler             
00001177  BusFault_Handler              
00001177  COMP_E0_IRQHandler            
00001177  COMP_E1_IRQHandler            
00001177  CS_IRQHandler                 
00001177  DMA_ERR_IRQHandler            
00001177  DMA_INT0_IRQHandler           
00001177  DMA_INT1_IRQHandler           
00001177  DMA_INT2_IRQHandler           
00001177  DMA_INT3_IRQHandler           
00001177  DebugMon_Handler              
00001177  Default_Handler               
00001177  EUSCIA0_IRQHandler            
00001177  EUSCIA1_IRQHandler            
00001177  EUSCIA2_IRQHandler            
00001177  EUSCIA3_IRQHandler            
00001177  EUSCIB0_IRQHandler            
00001177  EUSCIB1_IRQHandler            
00001177  EUSCIB2_IRQHandler            
00001177  EUSCIB3_IRQHandler            
00001177  FLCTL_IRQHandler              
00001177  FPU_IRQHandler                
00001177  HardFault_Handler             
00001177  MemManage_Handler             
00001177  NMI_Handler                   
00001177  PCM_IRQHandler                
00001177  PORT1_IRQHandler              
00001177  PORT2_IRQHandler              
00001177  PORT3_IRQHandler              
00001177  PORT5_IRQHandler              
00001177  PORT6_IRQHandler              
00001177  PSS_IRQHandler                
00001177  PendSV_Handler                
00001177  RTC_C_IRQHandler              
00001177  SVC_Handler                   
00001177  SysTick_Handler               
00001177  T32_INT1_IRQHandler           
00001177  T32_INT2_IRQHandler           
00001177  T32_INTC_IRQHandler           
00001177  TA0_0_IRQHandler              
00001177  TA0_N_IRQHandler              
00001177  TA1_0_IRQHandler              
00001177  TA1_N_IRQHandler              
00001177  TA2_0_IRQHandler              
00001177  TA2_N_IRQHandler              
00001177  TA3_0_IRQHandler              
00001177  TA3_N_IRQHandler              
00001177  UsageFault_Handler            
00001177  WDT_A_IRQHandler              
00001179  _system_pre_init              
0000117d  C$$EXIT                       
0000117d  abort                         
00001190  __TI_Handler_Table_Base       
0000119c  __TI_Handler_Table_Limit      
000011a8  __TI_CINIT_Base               
000011b8  __TI_CINIT_Limit              
20000000  ClockFrequency                
20000000  __start___llvm_prf_cnts       
20000000  __stop___llvm_prf_cnts        
20000004  Prewait                       
20000008  CPMwait                       
2000000c  Postwait                      
20000010  IFlags                        
20000014  Crystalstable                 
20000018  SystemCoreClock               
2000001c  ifInterrupt                   
2000001d  switchFlag                    
2000fe00  __stack                       
20010000  __STACK_END                   
4000480c  WDTCTL_SYM                    
ffffffff  __TI_pprof_out_hndl           
ffffffff  __TI_prof_data_size           
ffffffff  __TI_prof_data_start          
ffffffff  __binit__                     
ffffffff  __c_args__                    
ffffffff  binit                         
UNDEFED   __mpu_init                    
UNDEFED   _system_post_cinit            

[124 symbols]
