******************************************************************************
                  TI ARM Linker PC v20.2.5                     
******************************************************************************
>> Linked Mon Nov 21 16:41:13 2022

OUTPUT FILE NAME:   <part1_group8.out>
ENTRY POINT SYMBOL: "_c_int00_noargs"  address: 00000fc1


MEMORY CONFIGURATION

         name            origin    length      used     unused   attr    fill
----------------------  --------  ---------  --------  --------  ----  --------
  MAIN                  00000000   00040000  0000105c  0003efa4  R  X
  INFO                  00200000   00004000  00000000  00004000  R  X
  SRAM_CODE             01000000   00010000  0000021c  0000fde4  RW X
  SRAM_DATA             20000000   00010000  0000021c  0000fde4  RW  


SEGMENT ALLOCATION MAP

run origin  load origin   length   init length attrs members
----------  ----------- ---------- ----------- ----- -------
00000000    00000000    00001060   00001060    r-x
  00000000    00000000    000000e4   000000e4    r-- .intvecs
  000000e4    000000e4    00000f58   00000f58    r-x .text
  00001040    00001040    00000020   00000020    r-- .cinit
20000000    20000000    0000001c   00000000    rw-
  20000000    20000000    0000001c   00000000    rw- .data
2000fe00    2000fe00    00000200   00000000    rw-
  2000fe00    2000fe00    00000200   00000000    rw- .stack


SECTION ALLOCATION MAP

 output                                  attributes/
section   page    origin      length       input sections
--------  ----  ----------  ----------   ----------------
.intvecs   0    00000000    000000e4     
                  00000000    000000e4     startup_msp432p401r_ccs.obj (.intvecs:retain)

.text      0    000000e4    00000f58     
                  000000e4    000005b0     Part1_Interrupt_bumsw_motor.obj (.text)
                  00000694    00000334     system_msp432p401r.obj (.text)
                  000009c8    0000023c     motor.obj (.text)
                  00000c04    000001e0     Clock.obj (.text)
                  00000de4    0000009c     rtsv7M4_T_le_v4SPD16_eabi.lib : memcpy_t2.asm.obj (.text)
                  00000e80    00000094     SysTick.obj (.text)
                  00000f14    00000068     rtsv7M4_T_le_v4SPD16_eabi.lib : copy_decompress_lzss.c.obj (.text:decompress:lzss:__TI_decompress_lzss)
                  00000f7c    00000044                                   : autoinit.c.obj (.text:__TI_auto_init_nobinit_nopinit:__TI_auto_init_nobinit_nopinit)
                  00000fc0    00000034                                   : boot_cortex_m.c.obj (.text:_c_int00_noargs:_c_int00_noargs)
                  00000ff4    00000024     CortexM.obj (.text)
                  00001018    0000000e     rtsv7M4_T_le_v4SPD16_eabi.lib : copy_decompress_none.c.obj (.text:decompress:none:__TI_decompress_none)
                  00001026    0000000e     startup_msp432p401r_ccs.obj (.text)
                  00001034    00000004     rtsv7M4_T_le_v4SPD16_eabi.lib : pre_init.c.obj (.text:_system_pre_init)
                  00001038    00000004                                   : exit.c.obj (.text:abort:abort)

.cinit     0    00001040    00000020     
                  00001040    0000000d     (.cinit..data.load) [load image, compression = lzss]
                  0000104d    00000003     --HOLE-- [fill = 0]
                  00001050    00000008     (__TI_handler_table)
                  00001058    00000008     (__TI_cinit_table)

.init_array 
*          0    00000000    00000000     UNINITIALIZED

.binit     0    00000000    00000000     

.data      0    20000000    0000001c     UNINITIALIZED
                  20000000    00000018     Clock.obj (.data)
                  20000018    00000004     system_msp432p401r.obj (.data)

.stack     0    2000fe00    00000200     UNINITIALIZED
                  2000fe00    00000004     rtsv7M4_T_le_v4SPD16_eabi.lib : boot_cortex_m.c.obj (.stack)
                  2000fe04    000001fc     --HOLE--

__llvm_prf_cnts 
*          0    20000000    00000000     UNINITIALIZED

MODULE SUMMARY

       Module                            code   ro data   rw data
       ------                            ----   -------   -------
    .\
       Part1_Interrupt_bumsw_motor.obj   1456   0         0      
       system_msp432p401r.obj            820    0         8      
       startup_msp432p401r_ccs.obj       14     228       0      
    +--+---------------------------------+------+---------+---------+
       Total:                            2290   228       8      
                                                                 
    .\inc\
       motor.obj                         572    0         0      
       Clock.obj                         480    0         48     
       SysTick.obj                       148    0         0      
       CortexM.obj                       36     0         0      
    +--+---------------------------------+------+---------+---------+
       Total:                            1236   0         48     
                                                                 
    C:\TI\ccs\tools\compiler\ti-cgt-arm_20.2.5.LTS\lib\rtsv7M4_T_le_v4SPD16_eabi.lib
       memcpy_t2.asm.obj                 156    0         0      
       copy_decompress_lzss.c.obj        104    0         0      
       autoinit.c.obj                    68     0         0      
       boot_cortex_m.c.obj               52     0         0      
       copy_decompress_none.c.obj        14     0         0      
       exit.c.obj                        4      0         0      
       pre_init.c.obj                    4      0         0      
    +--+---------------------------------+------+---------+---------+
       Total:                            402    0         0      
                                                                 
       Stack:                            0      0         1024   
       Linker Generated:                 0      29        0      
    +--+---------------------------------+------+---------+---------+
       Grand Total:                      3928   257       1080   


LINKER GENERATED COPY TABLES

__TI_cinit_table @ 00001058 records: 1, size/record: 8, table size: 8
	.data: load addr=00001040, load size=0000000d bytes, run addr=20000000, run size=0000001c bytes, compression=lzss


LINKER GENERATED HANDLER TABLE

__TI_handler_table @ 00001050 records: 2, size/record: 4, table size: 8
	index: 0, handler: __TI_decompress_lzss
	index: 1, handler: __TI_decompress_none


GLOBAL SYMBOLS: SORTED ALPHABETICALLY BY Name 

address   name                          
-------   ----                          
00001033  ADC14_IRQHandler              
00001033  AES256_IRQHandler             
000000e5  BumpEdgeTrigger_Init          
00000305  Bump_Read_Input               
00001033  BusFault_Handler              
00001039  C$$EXIT                       
00001033  COMP_E0_IRQHandler            
00001033  COMP_E1_IRQHandler            
20000008  CPMwait                       
00001033  CS_IRQHandler                 
20000000  ClockFrequency                
00000d59  Clock_Delay1ms                
00000d2f  Clock_Delay1us                
00000d1b  Clock_GetFreq                 
00000c05  Clock_Init48MHz               
20000014  Crystalstable                 
00001033  DMA_ERR_IRQHandler            
00001033  DMA_INT0_IRQHandler           
00001033  DMA_INT1_IRQHandler           
00001033  DMA_INT2_IRQHandler           
00001033  DMA_INT3_IRQHandler           
00001033  DebugMon_Handler              
00001033  Default_Handler               
00000ff5  DisableInterrupts             
00001033  EUSCIA0_IRQHandler            
00001033  EUSCIA1_IRQHandler            
00001033  EUSCIA2_IRQHandler            
00001033  EUSCIA3_IRQHandler            
00001033  EUSCIB0_IRQHandler            
00001033  EUSCIB1_IRQHandler            
00001033  EUSCIB2_IRQHandler            
00001033  EUSCIB3_IRQHandler            
00000ffb  EnableInterrupts              
0000100b  EndCritical                   
00001033  FLCTL_IRQHandler              
00001033  FPU_IRQHandler                
00001033  HardFault_Handler             
20000010  IFlags                        
00001033  MemManage_Handler             
00000a81  Motor_BackwardSimple          
00000a0f  Motor_ForwardSimple           
000009c9  Motor_InitSimple              
00000af3  Motor_LeftSimple              
00000b6f  Motor_RightSimple             
000009ef  Motor_StopSimple              
00001033  NMI_Handler                   
00001033  PCM_IRQHandler                
00001033  PORT1_IRQHandler              
00001033  PORT2_IRQHandler              
00001033  PORT3_IRQHandler              
0000014d  PORT4_IRQHandler              
0000014d  PORT4_IRQHandler              
00001033  PORT5_IRQHandler              
00001033  PORT6_IRQHandler              
00001033  PSS_IRQHandler                
00001033  PendSV_Handler                
00000461  Port1_Init                    
000004a1  Port2_Init                    
000004e5  Port2_Output                  
2000000c  Postwait                      
20000004  Prewait                       
00001033  RTC_C_IRQHandler              
00001027  Reset_Handler                 
00001033  SVC_Handler                   
00001001  StartCritical                 
00000503  Switch_Init                   
00001033  SysTick_Handler               
00000e81  SysTick_Init                  
00000e91  SysTick_Wait                  
00000eb7  SysTick_Wait10ms              
00000edd  SysTick_Wait1us               
20000018  SystemCoreClock               
00000695  SystemCoreClockUpdate         
0000090d  SystemInit                    
00001033  T32_INT1_IRQHandler           
00001033  T32_INT2_IRQHandler           
00001033  T32_INTC_IRQHandler           
00001033  TA0_0_IRQHandler              
00001033  TA0_N_IRQHandler              
00001033  TA1_0_IRQHandler              
00001033  TA1_N_IRQHandler              
00001033  TA2_0_IRQHandler              
00001033  TA2_N_IRQHandler              
00001033  TA3_0_IRQHandler              
00001033  TA3_N_IRQHandler              
00001033  UsageFault_Handler            
4000480c  WDTCTL_SYM                    
00001033  WDT_A_IRQHandler              
00001013  WaitForInterrupt              
20010000  __STACK_END                   
00000200  __STACK_SIZE                  
00001058  __TI_CINIT_Base               
00001060  __TI_CINIT_Limit              
00001050  __TI_Handler_Table_Base       
00001058  __TI_Handler_Table_Limit      
00000f7d  __TI_auto_init_nobinit_nopinit
00000f15  __TI_decompress_lzss          
00001019  __TI_decompress_none          
ffffffff  __TI_pprof_out_hndl           
ffffffff  __TI_prof_data_size           
ffffffff  __TI_prof_data_start          
00000000  __TI_static_base__            
00000de5  __aeabi_memcpy                
00000de5  __aeabi_memcpy4               
00000de5  __aeabi_memcpy8               
ffffffff  __binit__                     
ffffffff  __c_args__                    
UNDEFED   __mpu_init                    
2000fe00  __stack                       
20000000  __start___llvm_prf_cnts       
20000000  __stop___llvm_prf_cnts        
00000fc1  _c_int00_noargs               
UNDEFED   _system_post_cinit            
00001035  _system_pre_init              
00001039  abort                         
ffffffff  binit                         
0000030f  checkbumpswitch               
00000d21  delay                         
00000000  interruptVectors              
0000053d  main                          
00000de5  memcpy                        


GLOBAL SYMBOLS: SORTED BY Symbol Address 

address   name                          
-------   ----                          
00000000  __TI_static_base__            
00000000  interruptVectors              
000000e5  BumpEdgeTrigger_Init          
0000014d  PORT4_IRQHandler              
0000014d  PORT4_IRQHandler              
00000200  __STACK_SIZE                  
00000305  Bump_Read_Input               
0000030f  checkbumpswitch               
00000461  Port1_Init                    
000004a1  Port2_Init                    
000004e5  Port2_Output                  
00000503  Switch_Init                   
0000053d  main                          
00000695  SystemCoreClockUpdate         
0000090d  SystemInit                    
000009c9  Motor_InitSimple              
000009ef  Motor_StopSimple              
00000a0f  Motor_ForwardSimple           
00000a81  Motor_BackwardSimple          
00000af3  Motor_LeftSimple              
00000b6f  Motor_RightSimple             
00000c05  Clock_Init48MHz               
00000d1b  Clock_GetFreq                 
00000d21  delay                         
00000d2f  Clock_Delay1us                
00000d59  Clock_Delay1ms                
00000de5  __aeabi_memcpy                
00000de5  __aeabi_memcpy4               
00000de5  __aeabi_memcpy8               
00000de5  memcpy                        
00000e81  SysTick_Init                  
00000e91  SysTick_Wait                  
00000eb7  SysTick_Wait10ms              
00000edd  SysTick_Wait1us               
00000f15  __TI_decompress_lzss          
00000f7d  __TI_auto_init_nobinit_nopinit
00000fc1  _c_int00_noargs               
00000ff5  DisableInterrupts             
00000ffb  EnableInterrupts              
00001001  StartCritical                 
0000100b  EndCritical                   
00001013  WaitForInterrupt              
00001019  __TI_decompress_none          
00001027  Reset_Handler                 
00001033  ADC14_IRQHandler              
00001033  AES256_IRQHandler             
00001033  BusFault_Handler              
00001033  COMP_E0_IRQHandler            
00001033  COMP_E1_IRQHandler            
00001033  CS_IRQHandler                 
00001033  DMA_ERR_IRQHandler            
00001033  DMA_INT0_IRQHandler           
00001033  DMA_INT1_IRQHandler           
00001033  DMA_INT2_IRQHandler           
00001033  DMA_INT3_IRQHandler           
00001033  DebugMon_Handler              
00001033  Default_Handler               
00001033  EUSCIA0_IRQHandler            
00001033  EUSCIA1_IRQHandler            
00001033  EUSCIA2_IRQHandler            
00001033  EUSCIA3_IRQHandler            
00001033  EUSCIB0_IRQHandler            
00001033  EUSCIB1_IRQHandler            
00001033  EUSCIB2_IRQHandler            
00001033  EUSCIB3_IRQHandler            
00001033  FLCTL_IRQHandler              
00001033  FPU_IRQHandler                
00001033  HardFault_Handler             
00001033  MemManage_Handler             
00001033  NMI_Handler                   
00001033  PCM_IRQHandler                
00001033  PORT1_IRQHandler              
00001033  PORT2_IRQHandler              
00001033  PORT3_IRQHandler              
00001033  PORT5_IRQHandler              
00001033  PORT6_IRQHandler              
00001033  PSS_IRQHandler                
00001033  PendSV_Handler                
00001033  RTC_C_IRQHandler              
00001033  SVC_Handler                   
00001033  SysTick_Handler               
00001033  T32_INT1_IRQHandler           
00001033  T32_INT2_IRQHandler           
00001033  T32_INTC_IRQHandler           
00001033  TA0_0_IRQHandler              
00001033  TA0_N_IRQHandler              
00001033  TA1_0_IRQHandler              
00001033  TA1_N_IRQHandler              
00001033  TA2_0_IRQHandler              
00001033  TA2_N_IRQHandler              
00001033  TA3_0_IRQHandler              
00001033  TA3_N_IRQHandler              
00001033  UsageFault_Handler            
00001033  WDT_A_IRQHandler              
00001035  _system_pre_init              
00001039  C$$EXIT                       
00001039  abort                         
00001050  __TI_Handler_Table_Base       
00001058  __TI_CINIT_Base               
00001058  __TI_Handler_Table_Limit      
00001060  __TI_CINIT_Limit              
20000000  ClockFrequency                
20000000  __start___llvm_prf_cnts       
20000000  __stop___llvm_prf_cnts        
20000004  Prewait                       
20000008  CPMwait                       
2000000c  Postwait                      
20000010  IFlags                        
20000014  Crystalstable                 
20000018  SystemCoreClock               
2000fe00  __stack                       
20010000  __STACK_END                   
4000480c  WDTCTL_SYM                    
ffffffff  __TI_pprof_out_hndl           
ffffffff  __TI_prof_data_size           
ffffffff  __TI_prof_data_start          
ffffffff  __binit__                     
ffffffff  __c_args__                    
ffffffff  binit                         
UNDEFED   __mpu_init                    
UNDEFED   _system_post_cinit            

[121 symbols]
