******************************************************************************
                  TI ARM Linker PC v20.2.5                     
******************************************************************************
>> Linked Tue Nov 22 12:07:31 2022

OUTPUT FILE NAME:   <part1_group8.out>
ENTRY POINT SYMBOL: "_c_int00_noargs"  address: 00000fc5


MEMORY CONFIGURATION

         name            origin    length      used     unused   attr    fill
----------------------  --------  ---------  --------  --------  ----  --------
  MAIN                  00000000   00040000  00001094  0003ef6c  R  X
  INFO                  00200000   00004000  00000000  00004000  R  X
  SRAM_CODE             01000000   00010000  0000021d  0000fde3  RW X
  SRAM_DATA             20000000   00010000  0000021d  0000fde3  RW  


SEGMENT ALLOCATION MAP

run origin  load origin   length   init length attrs members
----------  ----------- ---------- ----------- ----- -------
00000000    00000000    00001098   00001098    r-x
  00000000    00000000    000000e4   000000e4    r-- .intvecs
  000000e4    000000e4    00000f78   00000f78    r-x .text
  00001060    00001060    00000038   00000038    r-- .cinit
20000000    20000000    0000001d   00000000    rw-
  20000000    20000000    0000001c   00000000    rw- .data
  2000001c    2000001c    00000001   00000000    rw- .bss
2000fe00    2000fe00    00000200   00000000    rw-
  2000fe00    2000fe00    00000200   00000000    rw- .stack


SECTION ALLOCATION MAP

 output                                  attributes/
section   page    origin      length       input sections
--------  ----  ----------  ----------   ----------------
.intvecs   0    00000000    000000e4     
                  00000000    000000e4     startup_msp432p401r_ccs.obj (.intvecs:retain)

.text      0    000000e4    00000f78     
                  000000e4    000005b4     Part1_Interrupt_bumsw_motor.obj (.text)
                  00000698    00000334     system_msp432p401r.obj (.text)
                  000009cc    0000023c     motor.obj (.text)
                  00000c08    000001e0     Clock.obj (.text)
                  00000de8    0000009c     rtsv7M4_T_le_v4SPD16_eabi.lib : memcpy_t2.asm.obj (.text)
                  00000e84    00000094     SysTick.obj (.text)
                  00000f18    00000068     rtsv7M4_T_le_v4SPD16_eabi.lib : copy_decompress_lzss.c.obj (.text:decompress:lzss:__TI_decompress_lzss)
                  00000f80    00000044                                   : autoinit.c.obj (.text:__TI_auto_init_nobinit_nopinit:__TI_auto_init_nobinit_nopinit)
                  00000fc4    00000034                                   : boot_cortex_m.c.obj (.text:_c_int00_noargs:_c_int00_noargs)
                  00000ff8    00000024     CortexM.obj (.text)
                  0000101c    0000001c     rtsv7M4_T_le_v4SPD16_eabi.lib : copy_zero_init.c.obj (.text:decompress:ZI:__TI_zero_init_nomemset:__TI_zero_init_nomemset)
                  00001038    0000000e                                   : copy_decompress_none.c.obj (.text:decompress:none:__TI_decompress_none)
                  00001046    0000000e     startup_msp432p401r_ccs.obj (.text)
                  00001054    00000004     rtsv7M4_T_le_v4SPD16_eabi.lib : pre_init.c.obj (.text:_system_pre_init)
                  00001058    00000004                                   : exit.c.obj (.text:abort:abort)

.cinit     0    00001060    00000038     
                  00001060    0000000d     (.cinit..data.load) [load image, compression = lzss]
                  0000106d    00000003     --HOLE-- [fill = 0]
                  00001070    0000000c     (__TI_handler_table)
                  0000107c    00000004     --HOLE-- [fill = 0]
                  00001080    00000008     (.cinit..bss.load) [load image, compression = zero_init]
                  00001088    00000010     (__TI_cinit_table)

.init_array 
*          0    00000000    00000000     UNINITIALIZED

.binit     0    00000000    00000000     

.data      0    20000000    0000001c     UNINITIALIZED
                  20000000    00000018     Clock.obj (.data)
                  20000018    00000004     system_msp432p401r.obj (.data)

.bss       0    2000001c    00000001     UNINITIALIZED
                  2000001c    00000001     (.common:ifInterrupt)

.stack     0    2000fe00    00000200     UNINITIALIZED
                  2000fe00    00000004     rtsv7M4_T_le_v4SPD16_eabi.lib : boot_cortex_m.c.obj (.stack)
                  2000fe04    000001fc     --HOLE--

__llvm_prf_cnts 
*          0    20000000    00000000     UNINITIALIZED

MODULE SUMMARY

       Module                            code   ro data   rw data
       ------                            ----   -------   -------
    .\
       Part1_Interrupt_bumsw_motor.obj   1460   0         2      
       system_msp432p401r.obj            820    0         8      
       startup_msp432p401r_ccs.obj       14     228       0      
    +--+---------------------------------+------+---------+---------+
       Total:                            2294   228       10     
                                                                 
    .\inc\
       motor.obj                         572    0         0      
       Clock.obj                         480    0         48     
       SysTick.obj                       148    0         0      
       CortexM.obj                       36     0         0      
    +--+---------------------------------+------+---------+---------+
       Total:                            1236   0         48     
                                                                 
    C:\TI\ccs\tools\compiler\ti-cgt-arm_20.2.5.LTS\lib\rtsv7M4_T_le_v4SPD16_eabi.lib
       memcpy_t2.asm.obj                 156    0         0      
       copy_decompress_lzss.c.obj        104    0         0      
       autoinit.c.obj                    68     0         0      
       boot_cortex_m.c.obj               52     0         0      
       copy_zero_init.c.obj              28     0         0      
       copy_decompress_none.c.obj        14     0         0      
       exit.c.obj                        4      0         0      
       pre_init.c.obj                    4      0         0      
    +--+---------------------------------+------+---------+---------+
       Total:                            430    0         0      
                                                                 
       Stack:                            0      0         1024   
       Linker Generated:                 0      49        0      
    +--+---------------------------------+------+---------+---------+
       Grand Total:                      3960   277       1082   


LINKER GENERATED COPY TABLES

__TI_cinit_table @ 00001088 records: 2, size/record: 8, table size: 16
	.data: load addr=00001060, load size=0000000d bytes, run addr=20000000, run size=0000001c bytes, compression=lzss
	.bss: load addr=00001080, load size=00000008 bytes, run addr=2000001c, run size=00000001 bytes, compression=zero_init


LINKER GENERATED HANDLER TABLE

__TI_handler_table @ 00001070 records: 3, size/record: 4, table size: 12
	index: 0, handler: __TI_decompress_lzss
	index: 1, handler: __TI_decompress_none
	index: 2, handler: __TI_zero_init


GLOBAL SYMBOLS: SORTED ALPHABETICALLY BY Name 

address   name                          
-------   ----                          
00001053  ADC14_IRQHandler              
00001053  AES256_IRQHandler             
000000e5  BumpEdgeTrigger_Init          
00000323  Bump_Read_Input               
00001053  BusFault_Handler              
00001059  C$$EXIT                       
00001053  COMP_E0_IRQHandler            
00001053  COMP_E1_IRQHandler            
20000008  CPMwait                       
00001053  CS_IRQHandler                 
20000000  ClockFrequency                
00000d5d  Clock_Delay1ms                
00000d33  Clock_Delay1us                
00000d1f  Clock_GetFreq                 
00000c09  Clock_Init48MHz               
20000014  Crystalstable                 
00001053  DMA_ERR_IRQHandler            
00001053  DMA_INT0_IRQHandler           
00001053  DMA_INT1_IRQHandler           
00001053  DMA_INT2_IRQHandler           
00001053  DMA_INT3_IRQHandler           
00001053  DebugMon_Handler              
00001053  Default_Handler               
00000ff9  DisableInterrupts             
00001053  EUSCIA0_IRQHandler            
00001053  EUSCIA1_IRQHandler            
00001053  EUSCIA2_IRQHandler            
00001053  EUSCIA3_IRQHandler            
00001053  EUSCIB0_IRQHandler            
00001053  EUSCIB1_IRQHandler            
00001053  EUSCIB2_IRQHandler            
00001053  EUSCIB3_IRQHandler            
00000fff  EnableInterrupts              
0000100f  EndCritical                   
00001053  FLCTL_IRQHandler              
00001053  FPU_IRQHandler                
00001053  HardFault_Handler             
20000010  IFlags                        
00001053  MemManage_Handler             
00000a85  Motor_BackwardSimple          
00000a13  Motor_ForwardSimple           
000009cd  Motor_InitSimple              
00000af7  Motor_LeftSimple              
00000b73  Motor_RightSimple             
000009f3  Motor_StopSimple              
00001053  NMI_Handler                   
00001053  PCM_IRQHandler                
00001053  PORT1_IRQHandler              
00001053  PORT2_IRQHandler              
00001053  PORT3_IRQHandler              
0000014d  PORT4_IRQHandler              
0000014d  PORT4_IRQHandler              
00001053  PORT5_IRQHandler              
00001053  PORT6_IRQHandler              
00001053  PSS_IRQHandler                
00001053  PendSV_Handler                
0000049d  Port1_Init                    
000004c5  Port2_Init                    
00000503  Port2_Output                  
2000000c  Postwait                      
20000004  Prewait                       
00001053  RTC_C_IRQHandler              
00001047  Reset_Handler                 
00001053  SVC_Handler                   
00001005  StartCritical                 
00000521  Switch_Init                   
00001053  SysTick_Handler               
00000e85  SysTick_Init                  
00000e95  SysTick_Wait                  
00000ebb  SysTick_Wait10ms              
00000ee1  SysTick_Wait1us               
20000018  SystemCoreClock               
00000699  SystemCoreClockUpdate         
00000911  SystemInit                    
00001053  T32_INT1_IRQHandler           
00001053  T32_INT2_IRQHandler           
00001053  T32_INTC_IRQHandler           
00001053  TA0_0_IRQHandler              
00001053  TA0_N_IRQHandler              
00001053  TA1_0_IRQHandler              
00001053  TA1_N_IRQHandler              
00001053  TA2_0_IRQHandler              
00001053  TA2_N_IRQHandler              
00001053  TA3_0_IRQHandler              
00001053  TA3_N_IRQHandler              
00001053  UsageFault_Handler            
4000480c  WDTCTL_SYM                    
00001053  WDT_A_IRQHandler              
00001017  WaitForInterrupt              
20010000  __STACK_END                   
00000200  __STACK_SIZE                  
00001088  __TI_CINIT_Base               
00001098  __TI_CINIT_Limit              
00001070  __TI_Handler_Table_Base       
0000107c  __TI_Handler_Table_Limit      
00000f81  __TI_auto_init_nobinit_nopinit
00000f19  __TI_decompress_lzss          
00001039  __TI_decompress_none          
ffffffff  __TI_pprof_out_hndl           
ffffffff  __TI_prof_data_size           
ffffffff  __TI_prof_data_start          
00000000  __TI_static_base__            
0000101d  __TI_zero_init_nomemset       
00000de9  __aeabi_memcpy                
00000de9  __aeabi_memcpy4               
00000de9  __aeabi_memcpy8               
ffffffff  __binit__                     
ffffffff  __c_args__                    
UNDEFED   __mpu_init                    
2000fe00  __stack                       
20000000  __start___llvm_prf_cnts       
20000000  __stop___llvm_prf_cnts        
00000fc5  _c_int00_noargs               
UNDEFED   _system_post_cinit            
00001055  _system_pre_init              
00001059  abort                         
ffffffff  binit                         
00000345  checkbumpswitch               
00000d25  delay                         
2000001c  ifInterrupt                   
00000000  interruptVectors              
00000555  main                          
00000de9  memcpy                        


GLOBAL SYMBOLS: SORTED BY Symbol Address 

address   name                          
-------   ----                          
00000000  __TI_static_base__            
00000000  interruptVectors              
000000e5  BumpEdgeTrigger_Init          
0000014d  PORT4_IRQHandler              
0000014d  PORT4_IRQHandler              
00000200  __STACK_SIZE                  
00000323  Bump_Read_Input               
00000345  checkbumpswitch               
0000049d  Port1_Init                    
000004c5  Port2_Init                    
00000503  Port2_Output                  
00000521  Switch_Init                   
00000555  main                          
00000699  SystemCoreClockUpdate         
00000911  SystemInit                    
000009cd  Motor_InitSimple              
000009f3  Motor_StopSimple              
00000a13  Motor_ForwardSimple           
00000a85  Motor_BackwardSimple          
00000af7  Motor_LeftSimple              
00000b73  Motor_RightSimple             
00000c09  Clock_Init48MHz               
00000d1f  Clock_GetFreq                 
00000d25  delay                         
00000d33  Clock_Delay1us                
00000d5d  Clock_Delay1ms                
00000de9  __aeabi_memcpy                
00000de9  __aeabi_memcpy4               
00000de9  __aeabi_memcpy8               
00000de9  memcpy                        
00000e85  SysTick_Init                  
00000e95  SysTick_Wait                  
00000ebb  SysTick_Wait10ms              
00000ee1  SysTick_Wait1us               
00000f19  __TI_decompress_lzss          
00000f81  __TI_auto_init_nobinit_nopinit
00000fc5  _c_int00_noargs               
00000ff9  DisableInterrupts             
00000fff  EnableInterrupts              
00001005  StartCritical                 
0000100f  EndCritical                   
00001017  WaitForInterrupt              
0000101d  __TI_zero_init_nomemset       
00001039  __TI_decompress_none          
00001047  Reset_Handler                 
00001053  ADC14_IRQHandler              
00001053  AES256_IRQHandler             
00001053  BusFault_Handler              
00001053  COMP_E0_IRQHandler            
00001053  COMP_E1_IRQHandler            
00001053  CS_IRQHandler                 
00001053  DMA_ERR_IRQHandler            
00001053  DMA_INT0_IRQHandler           
00001053  DMA_INT1_IRQHandler           
00001053  DMA_INT2_IRQHandler           
00001053  DMA_INT3_IRQHandler           
00001053  DebugMon_Handler              
00001053  Default_Handler               
00001053  EUSCIA0_IRQHandler            
00001053  EUSCIA1_IRQHandler            
00001053  EUSCIA2_IRQHandler            
00001053  EUSCIA3_IRQHandler            
00001053  EUSCIB0_IRQHandler            
00001053  EUSCIB1_IRQHandler            
00001053  EUSCIB2_IRQHandler            
00001053  EUSCIB3_IRQHandler            
00001053  FLCTL_IRQHandler              
00001053  FPU_IRQHandler                
00001053  HardFault_Handler             
00001053  MemManage_Handler             
00001053  NMI_Handler                   
00001053  PCM_IRQHandler                
00001053  PORT1_IRQHandler              
00001053  PORT2_IRQHandler              
00001053  PORT3_IRQHandler              
00001053  PORT5_IRQHandler              
00001053  PORT6_IRQHandler              
00001053  PSS_IRQHandler                
00001053  PendSV_Handler                
00001053  RTC_C_IRQHandler              
00001053  SVC_Handler                   
00001053  SysTick_Handler               
00001053  T32_INT1_IRQHandler           
00001053  T32_INT2_IRQHandler           
00001053  T32_INTC_IRQHandler           
00001053  TA0_0_IRQHandler              
00001053  TA0_N_IRQHandler              
00001053  TA1_0_IRQHandler              
00001053  TA1_N_IRQHandler              
00001053  TA2_0_IRQHandler              
00001053  TA2_N_IRQHandler              
00001053  TA3_0_IRQHandler              
00001053  TA3_N_IRQHandler              
00001053  UsageFault_Handler            
00001053  WDT_A_IRQHandler              
00001055  _system_pre_init              
00001059  C$$EXIT                       
00001059  abort                         
00001070  __TI_Handler_Table_Base       
0000107c  __TI_Handler_Table_Limit      
00001088  __TI_CINIT_Base               
00001098  __TI_CINIT_Limit              
20000000  ClockFrequency                
20000000  __start___llvm_prf_cnts       
20000000  __stop___llvm_prf_cnts        
20000004  Prewait                       
20000008  CPMwait                       
2000000c  Postwait                      
20000010  IFlags                        
20000014  Crystalstable                 
20000018  SystemCoreClock               
2000001c  ifInterrupt                   
2000fe00  __stack                       
20010000  __STACK_END                   
4000480c  WDTCTL_SYM                    
ffffffff  __TI_pprof_out_hndl           
ffffffff  __TI_prof_data_size           
ffffffff  __TI_prof_data_start          
ffffffff  __binit__                     
ffffffff  __c_args__                    
ffffffff  binit                         
UNDEFED   __mpu_init                    
UNDEFED   _system_post_cinit            

[123 symbols]
