******************************************************************************
                  TI ARM Linker PC v20.2.5                     
******************************************************************************
>> Linked Fri Nov 25 10:54:13 2022

OUTPUT FILE NAME:   <part1_group8.out>
ENTRY POINT SYMBOL: "_c_int00_noargs"  address: 0000117d


MEMORY CONFIGURATION

         name            origin    length      used     unused   attr    fill
----------------------  --------  ---------  --------  --------  ----  --------
  MAIN                  00000000   00040000  0000124c  0003edb4  R  X
  INFO                  00200000   00004000  00000000  00004000  R  X
  SRAM_CODE             01000000   00010000  0000021e  0000fde2  RW X
  SRAM_DATA             20000000   00010000  0000021e  0000fde2  RW  


SEGMENT ALLOCATION MAP

run origin  load origin   length   init length attrs members
----------  ----------- ---------- ----------- ----- -------
00000000    00000000    00001250   00001250    r-x
  00000000    00000000    000000e4   000000e4    r-- .intvecs
  000000e4    000000e4    00001130   00001130    r-x .text
  00001218    00001218    00000038   00000038    r-- .cinit
20000000    20000000    0000001e   00000000    rw-
  20000000    20000000    0000001c   00000000    rw- .data
  2000001c    2000001c    00000002   00000000    rw- .bss
2000fe00    2000fe00    00000200   00000000    rw-
  2000fe00    2000fe00    00000200   00000000    rw- .stack


SECTION ALLOCATION MAP

 output                                  attributes/
section   page    origin      length       input sections
--------  ----  ----------  ----------   ----------------
.intvecs   0    00000000    000000e4     
                  00000000    000000e4     startup_msp432p401r_ccs.obj (.intvecs:retain)

.text      0    000000e4    00001130     
                  000000e4    0000076c     Part1_Interrupt_bumsw_motor.obj (.text)
                  00000850    00000334     system_msp432p401r.obj (.text)
                  00000b84    0000023c     motor.obj (.text)
                  00000dc0    000001e0     Clock.obj (.text)
                  00000fa0    0000009c     rtsv7M4_T_le_v4SPD16_eabi.lib : memcpy_t2.asm.obj (.text)
                  0000103c    00000094     SysTick.obj (.text)
                  000010d0    00000068     rtsv7M4_T_le_v4SPD16_eabi.lib : copy_decompress_lzss.c.obj (.text:decompress:lzss:__TI_decompress_lzss)
                  00001138    00000044                                   : autoinit.c.obj (.text:__TI_auto_init_nobinit_nopinit:__TI_auto_init_nobinit_nopinit)
                  0000117c    00000034                                   : boot_cortex_m.c.obj (.text:_c_int00_noargs:_c_int00_noargs)
                  000011b0    00000024     CortexM.obj (.text)
                  000011d4    0000001c     rtsv7M4_T_le_v4SPD16_eabi.lib : copy_zero_init.c.obj (.text:decompress:ZI:__TI_zero_init_nomemset:__TI_zero_init_nomemset)
                  000011f0    0000000e                                   : copy_decompress_none.c.obj (.text:decompress:none:__TI_decompress_none)
                  000011fe    0000000e     startup_msp432p401r_ccs.obj (.text)
                  0000120c    00000004     rtsv7M4_T_le_v4SPD16_eabi.lib : pre_init.c.obj (.text:_system_pre_init)
                  00001210    00000004                                   : exit.c.obj (.text:abort:abort)

.cinit     0    00001218    00000038     
                  00001218    0000000d     (.cinit..data.load) [load image, compression = lzss]
                  00001225    00000003     --HOLE-- [fill = 0]
                  00001228    0000000c     (__TI_handler_table)
                  00001234    00000004     --HOLE-- [fill = 0]
                  00001238    00000008     (.cinit..bss.load) [load image, compression = zero_init]
                  00001240    00000010     (__TI_cinit_table)

.init_array 
*          0    00000000    00000000     UNINITIALIZED

.binit     0    00000000    00000000     

.data      0    20000000    0000001c     UNINITIALIZED
                  20000000    00000018     Clock.obj (.data)
                  20000018    00000004     system_msp432p401r.obj (.data)

.bss       0    2000001c    00000002     UNINITIALIZED
                  2000001c    00000001     (.common:Mode)
                  2000001d    00000001     (.common:ifInterrupt)

.stack     0    2000fe00    00000200     UNINITIALIZED
                  2000fe00    00000004     rtsv7M4_T_le_v4SPD16_eabi.lib : boot_cortex_m.c.obj (.stack)
                  2000fe04    000001fc     --HOLE--

__llvm_prf_cnts 
*          0    20000000    00000000     UNINITIALIZED

MODULE SUMMARY

       Module                            code   ro data   rw data
       ------                            ----   -------   -------
    .\
       Part1_Interrupt_bumsw_motor.obj   1900   0         4      
       system_msp432p401r.obj            820    0         8      
       startup_msp432p401r_ccs.obj       14     228       0      
    +--+---------------------------------+------+---------+---------+
       Total:                            2734   228       12     
                                                                 
    .\inc\
       motor.obj                         572    0         0      
       Clock.obj                         480    0         48     
       SysTick.obj                       148    0         0      
       CortexM.obj                       36     0         0      
    +--+---------------------------------+------+---------+---------+
       Total:                            1236   0         48     
                                                                 
    C:\TI\ccs\tools\compiler\ti-cgt-arm_20.2.5.LTS\lib\rtsv7M4_T_le_v4SPD16_eabi.lib
       memcpy_t2.asm.obj                 156    0         0      
       copy_decompress_lzss.c.obj        104    0         0      
       autoinit.c.obj                    68     0         0      
       boot_cortex_m.c.obj               52     0         0      
       copy_zero_init.c.obj              28     0         0      
       copy_decompress_none.c.obj        14     0         0      
       exit.c.obj                        4      0         0      
       pre_init.c.obj                    4      0         0      
    +--+---------------------------------+------+---------+---------+
       Total:                            430    0         0      
                                                                 
       Stack:                            0      0         1024   
       Linker Generated:                 0      49        0      
    +--+---------------------------------+------+---------+---------+
       Grand Total:                      4400   277       1084   


LINKER GENERATED COPY TABLES

__TI_cinit_table @ 00001240 records: 2, size/record: 8, table size: 16
	.data: load addr=00001218, load size=0000000d bytes, run addr=20000000, run size=0000001c bytes, compression=lzss
	.bss: load addr=00001238, load size=00000008 bytes, run addr=2000001c, run size=00000002 bytes, compression=zero_init


LINKER GENERATED HANDLER TABLE

__TI_handler_table @ 00001228 records: 3, size/record: 4, table size: 12
	index: 0, handler: __TI_decompress_lzss
	index: 1, handler: __TI_decompress_none
	index: 2, handler: __TI_zero_init


GLOBAL SYMBOLS: SORTED ALPHABETICALLY BY Name 

address   name                          
-------   ----                          
0000120b  ADC14_IRQHandler              
0000120b  AES256_IRQHandler             
000000e5  BumpEdgeTrigger_Init          
000003c3  Bump_Read_Input               
0000120b  BusFault_Handler              
00001211  C$$EXIT                       
0000120b  COMP_E0_IRQHandler            
0000120b  COMP_E1_IRQHandler            
20000008  CPMwait                       
0000120b  CS_IRQHandler                 
20000000  ClockFrequency                
00000f15  Clock_Delay1ms                
00000eeb  Clock_Delay1us                
00000ed7  Clock_GetFreq                 
00000dc1  Clock_Init48MHz               
20000014  Crystalstable                 
0000120b  DMA_ERR_IRQHandler            
0000120b  DMA_INT0_IRQHandler           
0000120b  DMA_INT1_IRQHandler           
0000120b  DMA_INT2_IRQHandler           
0000120b  DMA_INT3_IRQHandler           
0000120b  DebugMon_Handler              
0000120b  Default_Handler               
000011b1  DisableInterrupts             
0000120b  EUSCIA0_IRQHandler            
0000120b  EUSCIA1_IRQHandler            
0000120b  EUSCIA2_IRQHandler            
0000120b  EUSCIA3_IRQHandler            
0000120b  EUSCIB0_IRQHandler            
0000120b  EUSCIB1_IRQHandler            
0000120b  EUSCIB2_IRQHandler            
0000120b  EUSCIB3_IRQHandler            
000011b7  EnableInterrupts              
000011c7  EndCritical                   
0000120b  FLCTL_IRQHandler              
0000120b  FPU_IRQHandler                
0000120b  HardFault_Handler             
20000010  IFlags                        
0000120b  MemManage_Handler             
2000001c  Mode                          
00000c3d  Motor_BackwardSimple          
00000bcb  Motor_ForwardSimple           
00000b85  Motor_InitSimple              
00000caf  Motor_LeftSimple              
00000d2b  Motor_RightSimple             
00000bab  Motor_StopSimple              
0000120b  NMI_Handler                   
0000120b  PCM_IRQHandler                
0000120b  PORT1_IRQHandler              
0000120b  PORT2_IRQHandler              
0000120b  PORT3_IRQHandler              
0000014d  PORT4_IRQHandler              
0000014d  PORT4_IRQHandler              
0000120b  PORT5_IRQHandler              
0000120b  PORT6_IRQHandler              
0000120b  PSS_IRQHandler                
0000120b  PendSV_Handler                
0000054b  Port1_Init                    
0000056b  Port2_Init                    
000005a9  Port2_Output                  
2000000c  Postwait                      
20000004  Prewait                       
0000120b  RTC_C_IRQHandler              
000011ff  Reset_Handler                 
0000120b  SVC_Handler                   
000011bd  StartCritical                 
000005c7  Switch_Init                   
0000120b  SysTick_Handler               
0000103d  SysTick_Init                  
0000104d  SysTick_Wait                  
00001073  SysTick_Wait10ms              
00001099  SysTick_Wait1us               
20000018  SystemCoreClock               
00000851  SystemCoreClockUpdate         
00000ac9  SystemInit                    
0000120b  T32_INT1_IRQHandler           
0000120b  T32_INT2_IRQHandler           
0000120b  T32_INTC_IRQHandler           
0000120b  TA0_0_IRQHandler              
0000120b  TA0_N_IRQHandler              
0000120b  TA1_0_IRQHandler              
0000120b  TA1_N_IRQHandler              
0000120b  TA2_0_IRQHandler              
0000120b  TA2_N_IRQHandler              
0000120b  TA3_0_IRQHandler              
0000120b  TA3_N_IRQHandler              
0000120b  UsageFault_Handler            
4000480c  WDTCTL_SYM                    
0000120b  WDT_A_IRQHandler              
000011cf  WaitForInterrupt              
20010000  __STACK_END                   
00000200  __STACK_SIZE                  
00001240  __TI_CINIT_Base               
00001250  __TI_CINIT_Limit              
00001228  __TI_Handler_Table_Base       
00001234  __TI_Handler_Table_Limit      
00001139  __TI_auto_init_nobinit_nopinit
000010d1  __TI_decompress_lzss          
000011f1  __TI_decompress_none          
ffffffff  __TI_pprof_out_hndl           
ffffffff  __TI_prof_data_size           
ffffffff  __TI_prof_data_start          
00000000  __TI_static_base__            
000011d5  __TI_zero_init_nomemset       
00000fa1  __aeabi_memcpy                
00000fa1  __aeabi_memcpy4               
00000fa1  __aeabi_memcpy8               
ffffffff  __binit__                     
ffffffff  __c_args__                    
UNDEFED   __mpu_init                    
2000fe00  __stack                       
20000000  __start___llvm_prf_cnts       
20000000  __stop___llvm_prf_cnts        
0000117d  _c_int00_noargs               
UNDEFED   _system_post_cinit            
0000120d  _system_pre_init              
00001211  abort                         
ffffffff  binit                         
00000401  checkbumpswitch               
00000edd  delay                         
2000001d  ifInterrupt                   
00000000  interruptVectors              
00000601  main                          
00000fa1  memcpy                        


GLOBAL SYMBOLS: SORTED BY Symbol Address 

address   name                          
-------   ----                          
00000000  __TI_static_base__            
00000000  interruptVectors              
000000e5  BumpEdgeTrigger_Init          
0000014d  PORT4_IRQHandler              
0000014d  PORT4_IRQHandler              
00000200  __STACK_SIZE                  
000003c3  Bump_Read_Input               
00000401  checkbumpswitch               
0000054b  Port1_Init                    
0000056b  Port2_Init                    
000005a9  Port2_Output                  
000005c7  Switch_Init                   
00000601  main                          
00000851  SystemCoreClockUpdate         
00000ac9  SystemInit                    
00000b85  Motor_InitSimple              
00000bab  Motor_StopSimple              
00000bcb  Motor_ForwardSimple           
00000c3d  Motor_BackwardSimple          
00000caf  Motor_LeftSimple              
00000d2b  Motor_RightSimple             
00000dc1  Clock_Init48MHz               
00000ed7  Clock_GetFreq                 
00000edd  delay                         
00000eeb  Clock_Delay1us                
00000f15  Clock_Delay1ms                
00000fa1  __aeabi_memcpy                
00000fa1  __aeabi_memcpy4               
00000fa1  __aeabi_memcpy8               
00000fa1  memcpy                        
0000103d  SysTick_Init                  
0000104d  SysTick_Wait                  
00001073  SysTick_Wait10ms              
00001099  SysTick_Wait1us               
000010d1  __TI_decompress_lzss          
00001139  __TI_auto_init_nobinit_nopinit
0000117d  _c_int00_noargs               
000011b1  DisableInterrupts             
000011b7  EnableInterrupts              
000011bd  StartCritical                 
000011c7  EndCritical                   
000011cf  WaitForInterrupt              
000011d5  __TI_zero_init_nomemset       
000011f1  __TI_decompress_none          
000011ff  Reset_Handler                 
0000120b  ADC14_IRQHandler              
0000120b  AES256_IRQHandler             
0000120b  BusFault_Handler              
0000120b  COMP_E0_IRQHandler            
0000120b  COMP_E1_IRQHandler            
0000120b  CS_IRQHandler                 
0000120b  DMA_ERR_IRQHandler            
0000120b  DMA_INT0_IRQHandler           
0000120b  DMA_INT1_IRQHandler           
0000120b  DMA_INT2_IRQHandler           
0000120b  DMA_INT3_IRQHandler           
0000120b  DebugMon_Handler              
0000120b  Default_Handler               
0000120b  EUSCIA0_IRQHandler            
0000120b  EUSCIA1_IRQHandler            
0000120b  EUSCIA2_IRQHandler            
0000120b  EUSCIA3_IRQHandler            
0000120b  EUSCIB0_IRQHandler            
0000120b  EUSCIB1_IRQHandler            
0000120b  EUSCIB2_IRQHandler            
0000120b  EUSCIB3_IRQHandler            
0000120b  FLCTL_IRQHandler              
0000120b  FPU_IRQHandler                
0000120b  HardFault_Handler             
0000120b  MemManage_Handler             
0000120b  NMI_Handler                   
0000120b  PCM_IRQHandler                
0000120b  PORT1_IRQHandler              
0000120b  PORT2_IRQHandler              
0000120b  PORT3_IRQHandler              
0000120b  PORT5_IRQHandler              
0000120b  PORT6_IRQHandler              
0000120b  PSS_IRQHandler                
0000120b  PendSV_Handler                
0000120b  RTC_C_IRQHandler              
0000120b  SVC_Handler                   
0000120b  SysTick_Handler               
0000120b  T32_INT1_IRQHandler           
0000120b  T32_INT2_IRQHandler           
0000120b  T32_INTC_IRQHandler           
0000120b  TA0_0_IRQHandler              
0000120b  TA0_N_IRQHandler              
0000120b  TA1_0_IRQHandler              
0000120b  TA1_N_IRQHandler              
0000120b  TA2_0_IRQHandler              
0000120b  TA2_N_IRQHandler              
0000120b  TA3_0_IRQHandler              
0000120b  TA3_N_IRQHandler              
0000120b  UsageFault_Handler            
0000120b  WDT_A_IRQHandler              
0000120d  _system_pre_init              
00001211  C$$EXIT                       
00001211  abort                         
00001228  __TI_Handler_Table_Base       
00001234  __TI_Handler_Table_Limit      
00001240  __TI_CINIT_Base               
00001250  __TI_CINIT_Limit              
20000000  ClockFrequency                
20000000  __start___llvm_prf_cnts       
20000000  __stop___llvm_prf_cnts        
20000004  Prewait                       
20000008  CPMwait                       
2000000c  Postwait                      
20000010  IFlags                        
20000014  Crystalstable                 
20000018  SystemCoreClock               
2000001c  Mode                          
2000001d  ifInterrupt                   
2000fe00  __stack                       
20010000  __STACK_END                   
4000480c  WDTCTL_SYM                    
ffffffff  __TI_pprof_out_hndl           
ffffffff  __TI_prof_data_size           
ffffffff  __TI_prof_data_start          
ffffffff  __binit__                     
ffffffff  __c_args__                    
ffffffff  binit                         
UNDEFED   __mpu_init                    
UNDEFED   _system_post_cinit            

[124 symbols]
