******************************************************************************
                  TI ARM Linker PC v20.2.5                     
******************************************************************************
>> Linked Thu Nov 24 15:07:51 2022

OUTPUT FILE NAME:   <part1_group8.out>
ENTRY POINT SYMBOL: "_c_int00_noargs"  address: 00001161


MEMORY CONFIGURATION

         name            origin    length      used     unused   attr    fill
----------------------  --------  ---------  --------  --------  ----  --------
  MAIN                  00000000   00040000  00001230  0003edd0  R  X
  INFO                  00200000   00004000  00000000  00004000  R  X
  SRAM_CODE             01000000   00010000  0000021e  0000fde2  RW X
  SRAM_DATA             20000000   00010000  0000021e  0000fde2  RW  


SEGMENT ALLOCATION MAP

run origin  load origin   length   init length attrs members
----------  ----------- ---------- ----------- ----- -------
00000000    00000000    00001230   00001230    r-x
  00000000    00000000    000000e4   000000e4    r-- .intvecs
  000000e4    000000e4    00001114   00001114    r-x .text
  000011f8    000011f8    00000038   00000038    r-- .cinit
20000000    20000000    0000001e   00000000    rw-
  20000000    20000000    0000001c   00000000    rw- .data
  2000001c    2000001c    00000002   00000000    rw- .bss
2000fe00    2000fe00    00000200   00000000    rw-
  2000fe00    2000fe00    00000200   00000000    rw- .stack


SECTION ALLOCATION MAP

 output                                  attributes/
section   page    origin      length       input sections
--------  ----  ----------  ----------   ----------------
.intvecs   0    00000000    000000e4     
                  00000000    000000e4     startup_msp432p401r_ccs.obj (.intvecs:retain)

.text      0    000000e4    00001114     
                  000000e4    00000750     Part1_Interrupt_bumsw_motor.obj (.text)
                  00000834    00000334     system_msp432p401r.obj (.text)
                  00000b68    0000023c     motor.obj (.text)
                  00000da4    000001e0     Clock.obj (.text)
                  00000f84    0000009c     rtsv7M4_T_le_v4SPD16_eabi.lib : memcpy_t2.asm.obj (.text)
                  00001020    00000094     SysTick.obj (.text)
                  000010b4    00000068     rtsv7M4_T_le_v4SPD16_eabi.lib : copy_decompress_lzss.c.obj (.text:decompress:lzss:__TI_decompress_lzss)
                  0000111c    00000044                                   : autoinit.c.obj (.text:__TI_auto_init_nobinit_nopinit:__TI_auto_init_nobinit_nopinit)
                  00001160    00000034                                   : boot_cortex_m.c.obj (.text:_c_int00_noargs:_c_int00_noargs)
                  00001194    00000024     CortexM.obj (.text)
                  000011b8    0000001c     rtsv7M4_T_le_v4SPD16_eabi.lib : copy_zero_init.c.obj (.text:decompress:ZI:__TI_zero_init_nomemset:__TI_zero_init_nomemset)
                  000011d4    0000000e                                   : copy_decompress_none.c.obj (.text:decompress:none:__TI_decompress_none)
                  000011e2    0000000e     startup_msp432p401r_ccs.obj (.text)
                  000011f0    00000004     rtsv7M4_T_le_v4SPD16_eabi.lib : pre_init.c.obj (.text:_system_pre_init)
                  000011f4    00000004                                   : exit.c.obj (.text:abort:abort)

.cinit     0    000011f8    00000038     
                  000011f8    0000000d     (.cinit..data.load) [load image, compression = lzss]
                  00001205    00000003     --HOLE-- [fill = 0]
                  00001208    0000000c     (__TI_handler_table)
                  00001214    00000004     --HOLE-- [fill = 0]
                  00001218    00000008     (.cinit..bss.load) [load image, compression = zero_init]
                  00001220    00000010     (__TI_cinit_table)

.init_array 
*          0    00000000    00000000     UNINITIALIZED

.binit     0    00000000    00000000     

.data      0    20000000    0000001c     UNINITIALIZED
                  20000000    00000018     Clock.obj (.data)
                  20000018    00000004     system_msp432p401r.obj (.data)

.bss       0    2000001c    00000002     UNINITIALIZED
                  2000001c    00000001     (.common:Mode)
                  2000001d    00000001     (.common:ifInterrupt)

.stack     0    2000fe00    00000200     UNINITIALIZED
                  2000fe00    00000004     rtsv7M4_T_le_v4SPD16_eabi.lib : boot_cortex_m.c.obj (.stack)
                  2000fe04    000001fc     --HOLE--

__llvm_prf_cnts 
*          0    20000000    00000000     UNINITIALIZED

MODULE SUMMARY

       Module                            code   ro data   rw data
       ------                            ----   -------   -------
    .\
       Part1_Interrupt_bumsw_motor.obj   1872   0         4      
       system_msp432p401r.obj            820    0         8      
       startup_msp432p401r_ccs.obj       14     228       0      
    +--+---------------------------------+------+---------+---------+
       Total:                            2706   228       12     
                                                                 
    .\inc\
       motor.obj                         572    0         0      
       Clock.obj                         480    0         48     
       SysTick.obj                       148    0         0      
       CortexM.obj                       36     0         0      
    +--+---------------------------------+------+---------+---------+
       Total:                            1236   0         48     
                                                                 
    C:\TI\ccs\tools\compiler\ti-cgt-arm_20.2.5.LTS\lib\rtsv7M4_T_le_v4SPD16_eabi.lib
       memcpy_t2.asm.obj                 156    0         0      
       copy_decompress_lzss.c.obj        104    0         0      
       autoinit.c.obj                    68     0         0      
       boot_cortex_m.c.obj               52     0         0      
       copy_zero_init.c.obj              28     0         0      
       copy_decompress_none.c.obj        14     0         0      
       exit.c.obj                        4      0         0      
       pre_init.c.obj                    4      0         0      
    +--+---------------------------------+------+---------+---------+
       Total:                            430    0         0      
                                                                 
       Stack:                            0      0         1024   
       Linker Generated:                 0      49        0      
    +--+---------------------------------+------+---------+---------+
       Grand Total:                      4372   277       1084   


LINKER GENERATED COPY TABLES

__TI_cinit_table @ 00001220 records: 2, size/record: 8, table size: 16
	.data: load addr=000011f8, load size=0000000d bytes, run addr=20000000, run size=0000001c bytes, compression=lzss
	.bss: load addr=00001218, load size=00000008 bytes, run addr=2000001c, run size=00000002 bytes, compression=zero_init


LINKER GENERATED HANDLER TABLE

__TI_handler_table @ 00001208 records: 3, size/record: 4, table size: 12
	index: 0, handler: __TI_decompress_lzss
	index: 1, handler: __TI_decompress_none
	index: 2, handler: __TI_zero_init


GLOBAL SYMBOLS: SORTED ALPHABETICALLY BY Name 

address   name                          
-------   ----                          
000011ef  ADC14_IRQHandler              
000011ef  AES256_IRQHandler             
000000e5  BumpEdgeTrigger_Init          
000003c3  Bump_Read_Input               
000011ef  BusFault_Handler              
000011f5  C$$EXIT                       
000011ef  COMP_E0_IRQHandler            
000011ef  COMP_E1_IRQHandler            
20000008  CPMwait                       
000011ef  CS_IRQHandler                 
20000000  ClockFrequency                
00000ef9  Clock_Delay1ms                
00000ecf  Clock_Delay1us                
00000ebb  Clock_GetFreq                 
00000da5  Clock_Init48MHz               
20000014  Crystalstable                 
000011ef  DMA_ERR_IRQHandler            
000011ef  DMA_INT0_IRQHandler           
000011ef  DMA_INT1_IRQHandler           
000011ef  DMA_INT2_IRQHandler           
000011ef  DMA_INT3_IRQHandler           
000011ef  DebugMon_Handler              
000011ef  Default_Handler               
00001195  DisableInterrupts             
000011ef  EUSCIA0_IRQHandler            
000011ef  EUSCIA1_IRQHandler            
000011ef  EUSCIA2_IRQHandler            
000011ef  EUSCIA3_IRQHandler            
000011ef  EUSCIB0_IRQHandler            
000011ef  EUSCIB1_IRQHandler            
000011ef  EUSCIB2_IRQHandler            
000011ef  EUSCIB3_IRQHandler            
0000119b  EnableInterrupts              
000011ab  EndCritical                   
000011ef  FLCTL_IRQHandler              
000011ef  FPU_IRQHandler                
000011ef  HardFault_Handler             
20000010  IFlags                        
000011ef  MemManage_Handler             
2000001c  Mode                          
00000c21  Motor_BackwardSimple          
00000baf  Motor_ForwardSimple           
00000b69  Motor_InitSimple              
00000c93  Motor_LeftSimple              
00000d0f  Motor_RightSimple             
00000b8f  Motor_StopSimple              
000011ef  NMI_Handler                   
000011ef  PCM_IRQHandler                
000011ef  PORT1_IRQHandler              
000011ef  PORT2_IRQHandler              
000011ef  PORT3_IRQHandler              
0000014d  PORT4_IRQHandler              
0000014d  PORT4_IRQHandler              
000011ef  PORT5_IRQHandler              
000011ef  PORT6_IRQHandler              
000011ef  PSS_IRQHandler                
000011ef  PendSV_Handler                
0000054b  Port1_Init                    
0000056b  Port2_Init                    
000005a9  Port2_Output                  
2000000c  Postwait                      
20000004  Prewait                       
000011ef  RTC_C_IRQHandler              
000011e3  Reset_Handler                 
000011ef  SVC_Handler                   
000011a1  StartCritical                 
000005c7  Switch_Init                   
000011ef  SysTick_Handler               
00001021  SysTick_Init                  
00001031  SysTick_Wait                  
00001057  SysTick_Wait10ms              
0000107d  SysTick_Wait1us               
20000018  SystemCoreClock               
00000835  SystemCoreClockUpdate         
00000aad  SystemInit                    
000011ef  T32_INT1_IRQHandler           
000011ef  T32_INT2_IRQHandler           
000011ef  T32_INTC_IRQHandler           
000011ef  TA0_0_IRQHandler              
000011ef  TA0_N_IRQHandler              
000011ef  TA1_0_IRQHandler              
000011ef  TA1_N_IRQHandler              
000011ef  TA2_0_IRQHandler              
000011ef  TA2_N_IRQHandler              
000011ef  TA3_0_IRQHandler              
000011ef  TA3_N_IRQHandler              
000011ef  UsageFault_Handler            
4000480c  WDTCTL_SYM                    
000011ef  WDT_A_IRQHandler              
000011b3  WaitForInterrupt              
20010000  __STACK_END                   
00000200  __STACK_SIZE                  
00001220  __TI_CINIT_Base               
00001230  __TI_CINIT_Limit              
00001208  __TI_Handler_Table_Base       
00001214  __TI_Handler_Table_Limit      
0000111d  __TI_auto_init_nobinit_nopinit
000010b5  __TI_decompress_lzss          
000011d5  __TI_decompress_none          
ffffffff  __TI_pprof_out_hndl           
ffffffff  __TI_prof_data_size           
ffffffff  __TI_prof_data_start          
00000000  __TI_static_base__            
000011b9  __TI_zero_init_nomemset       
00000f85  __aeabi_memcpy                
00000f85  __aeabi_memcpy4               
00000f85  __aeabi_memcpy8               
ffffffff  __binit__                     
ffffffff  __c_args__                    
UNDEFED   __mpu_init                    
2000fe00  __stack                       
20000000  __start___llvm_prf_cnts       
20000000  __stop___llvm_prf_cnts        
00001161  _c_int00_noargs               
UNDEFED   _system_post_cinit            
000011f1  _system_pre_init              
000011f5  abort                         
ffffffff  binit                         
00000401  checkbumpswitch               
00000ec1  delay                         
2000001d  ifInterrupt                   
00000000  interruptVectors              
00000601  main                          
00000f85  memcpy                        


GLOBAL SYMBOLS: SORTED BY Symbol Address 

address   name                          
-------   ----                          
00000000  __TI_static_base__            
00000000  interruptVectors              
000000e5  BumpEdgeTrigger_Init          
0000014d  PORT4_IRQHandler              
0000014d  PORT4_IRQHandler              
00000200  __STACK_SIZE                  
000003c3  Bump_Read_Input               
00000401  checkbumpswitch               
0000054b  Port1_Init                    
0000056b  Port2_Init                    
000005a9  Port2_Output                  
000005c7  Switch_Init                   
00000601  main                          
00000835  SystemCoreClockUpdate         
00000aad  SystemInit                    
00000b69  Motor_InitSimple              
00000b8f  Motor_StopSimple              
00000baf  Motor_ForwardSimple           
00000c21  Motor_BackwardSimple          
00000c93  Motor_LeftSimple              
00000d0f  Motor_RightSimple             
00000da5  Clock_Init48MHz               
00000ebb  Clock_GetFreq                 
00000ec1  delay                         
00000ecf  Clock_Delay1us                
00000ef9  Clock_Delay1ms                
00000f85  __aeabi_memcpy                
00000f85  __aeabi_memcpy4               
00000f85  __aeabi_memcpy8               
00000f85  memcpy                        
00001021  SysTick_Init                  
00001031  SysTick_Wait                  
00001057  SysTick_Wait10ms              
0000107d  SysTick_Wait1us               
000010b5  __TI_decompress_lzss          
0000111d  __TI_auto_init_nobinit_nopinit
00001161  _c_int00_noargs               
00001195  DisableInterrupts             
0000119b  EnableInterrupts              
000011a1  StartCritical                 
000011ab  EndCritical                   
000011b3  WaitForInterrupt              
000011b9  __TI_zero_init_nomemset       
000011d5  __TI_decompress_none          
000011e3  Reset_Handler                 
000011ef  ADC14_IRQHandler              
000011ef  AES256_IRQHandler             
000011ef  BusFault_Handler              
000011ef  COMP_E0_IRQHandler            
000011ef  COMP_E1_IRQHandler            
000011ef  CS_IRQHandler                 
000011ef  DMA_ERR_IRQHandler            
000011ef  DMA_INT0_IRQHandler           
000011ef  DMA_INT1_IRQHandler           
000011ef  DMA_INT2_IRQHandler           
000011ef  DMA_INT3_IRQHandler           
000011ef  DebugMon_Handler              
000011ef  Default_Handler               
000011ef  EUSCIA0_IRQHandler            
000011ef  EUSCIA1_IRQHandler            
000011ef  EUSCIA2_IRQHandler            
000011ef  EUSCIA3_IRQHandler            
000011ef  EUSCIB0_IRQHandler            
000011ef  EUSCIB1_IRQHandler            
000011ef  EUSCIB2_IRQHandler            
000011ef  EUSCIB3_IRQHandler            
000011ef  FLCTL_IRQHandler              
000011ef  FPU_IRQHandler                
000011ef  HardFault_Handler             
000011ef  MemManage_Handler             
000011ef  NMI_Handler                   
000011ef  PCM_IRQHandler                
000011ef  PORT1_IRQHandler              
000011ef  PORT2_IRQHandler              
000011ef  PORT3_IRQHandler              
000011ef  PORT5_IRQHandler              
000011ef  PORT6_IRQHandler              
000011ef  PSS_IRQHandler                
000011ef  PendSV_Handler                
000011ef  RTC_C_IRQHandler              
000011ef  SVC_Handler                   
000011ef  SysTick_Handler               
000011ef  T32_INT1_IRQHandler           
000011ef  T32_INT2_IRQHandler           
000011ef  T32_INTC_IRQHandler           
000011ef  TA0_0_IRQHandler              
000011ef  TA0_N_IRQHandler              
000011ef  TA1_0_IRQHandler              
000011ef  TA1_N_IRQHandler              
000011ef  TA2_0_IRQHandler              
000011ef  TA2_N_IRQHandler              
000011ef  TA3_0_IRQHandler              
000011ef  TA3_N_IRQHandler              
000011ef  UsageFault_Handler            
000011ef  WDT_A_IRQHandler              
000011f1  _system_pre_init              
000011f5  C$$EXIT                       
000011f5  abort                         
00001208  __TI_Handler_Table_Base       
00001214  __TI_Handler_Table_Limit      
00001220  __TI_CINIT_Base               
00001230  __TI_CINIT_Limit              
20000000  ClockFrequency                
20000000  __start___llvm_prf_cnts       
20000000  __stop___llvm_prf_cnts        
20000004  Prewait                       
20000008  CPMwait                       
2000000c  Postwait                      
20000010  IFlags                        
20000014  Crystalstable                 
20000018  SystemCoreClock               
2000001c  Mode                          
2000001d  ifInterrupt                   
2000fe00  __stack                       
20010000  __STACK_END                   
4000480c  WDTCTL_SYM                    
ffffffff  __TI_pprof_out_hndl           
ffffffff  __TI_prof_data_size           
ffffffff  __TI_prof_data_start          
ffffffff  __binit__                     
ffffffff  __c_args__                    
ffffffff  binit                         
UNDEFED   __mpu_init                    
UNDEFED   _system_post_cinit            

[124 symbols]
